2016-01-13 10:24:07.357Z INFO app "something happened"
2016-01-13 10:24:07.357Z INFO app.module "something happened"
2016-01-13 10:24:07.357Z INFO app.other_module "something happened"
2016-01-13 10:24:07.357Z INFO app "something \"happened\""
2016-01-13 10:24:07.357Z INFO app "something happened" request_id=abc
2016-01-13 10:24:07.357Z INFO app "something happened" context="I can haz it" request_id=abc
2016-01-13 10:24:07.357Z INFO app "something happened" context="I can haz it" request_id=abc
Traceback:
   blah
Exception
2016-01-13 10:24:07.357Z INFO app "something happened" context="I can haz it" request_id=abc
2016-01-13 10:24:07.357Z INFO app "something happened" context="I can haz it" request_id=abc
2016-01-13 10:24:07.357Z INFO app "something happened" context="I can haz it" request_id=abc
2016-01-13 10:24:07.357Z INFO app "something happened" context="I can haz it" request_id=abc
2016-01-13 10:24:07.357Z INFO app "something happened" foo="x=y"
2016-01-13 10:24:07.357Z INFO app "something happened" foo=x.y
2016-01-13 10:24:07.357Z INFO app "very long message very long message very long message very long message very long message very long message very long message very long message very long message very long message very long message very long message very long message very long message very long message very long message very long message very long message very long message very long message very long message very long message very long message very long message very long message very long message very long message very long message very long message very long message very long message very long message very long message very long message very long message very long message very long message very long message very long message very long message very long message very long message very long message very long message very long message very long message very long message very long message very long message very long message very long message very long message very long message very long message very long message very long message very long message very long message very long message very long message very long message very long message very long message very long message very long message very long message very long message very long message very long message very long message very long message very long message very long message very long message very long message very long message very long message very long message very long message very long message very long message very long message very long message very long message very long message very long message very long message very long message very long message very long message very long message very long message very long message very long message very long message very long message very long message very long message very long message very long message very long message very long message very long message very long message very long message very long message very long message very long message very long message very long message very long message very long message very long message very long message very long message very long message very long message very long message very long message very long message very long message very long message very long message very long message very long message very long message very long message very long message very long message very long message very long message very long message very long message very long message very long message very long message very long message very long message very long message very long message very long message very long message very long message very long message very long message very long message very long message very long message very long message very long message very long message very long message very long message very long message very long message very long message very long message very long message very long message very long message very long message very long message very long message very long message very long message very long message very long message very long message very long message very long message very long message very long message very long message very long message very long message very long message very long message very long message very long message very long message very long message very long message very long message very long message very long message very long message very long message very long message very long message very long message very long message very long message very long message very long message very long message very long message very long message very long message very long message very long message very long message very long message very long message very long message very long message very long message very long message very long message very long message very long message very long message very long message very long message very long message very long message very long message very long message very long message very long message very long message very long message very long message very long message very long message very long message very long message very long message very long message very long message very long message very long message very long message very long message very long message very long message very long message very long message very long message very long message very long message very long message very long message very long message very long message very long message very long message very long message very long message very long message very long message very long message very long message very long message very long message very long message very long message very long message very long message very long message very long message very long message very long message very long message very long message very long message very long message very long message very long message very long message very long message very long message very long message very long message very long message very long message very long message very long message very long message very long message very long message very long message very long message very long message very long message very long message very long message very long message very long message very long message very long message very long message very long message very long message very long message very long message very long message very long message very long message very long message very long message very long message very long message very long message very long message very long message very long message very long message very long message very long message very long message very long message very long message very long message very long message very long message very long message very long message very long message very long message very long message very long message very long message very long message very long message very long message very long message very long message very long message very long message very long message very long message very long message very long message very long message very long message very long message very long message very long message very long message very long message very long message very long message very long message very long message very long message very long message very long message very long message very long message very long message very long message very long message very long message very long message very long message very long message very long message very long message very long message very long message very long message very long message very long message very long message very long message very long message very long message very long message very long message very long message very long message very long message very long message very long message very long message very long message very long message very long message very long message very long message very long message very long message very long message very long message very long message very long message very long message very long message very long message very long message very long message very long message very long message very long message very long message very long message very long message very long message very long message very long message very long message very long message very long message very long message very long message very long message very long message very long message very long message very long message very long message very long message very long message very long message very long message very long message very long message very long message very long message very long message very long message very long message very long message very long message very long message very long message very long message very long message very long message very long message very long message very long message very long message very long message very long message very long message very long message very long message very long message very long message very long message very long message very long message very long message very long message very long message very long message very long message very long message very long message very long message very long message very long message very long message very long message very long message very long message very long message very long message very long message very long message very long message very long message very long message very long message very long message very long message very long message very long message very long message very long message very long message very long message very long message very long message very long message very long message very long message very long message very long message very long message very long message very long message very long message very long message very long message very long message very long message very long message very long message very long message very long message very long message very long message very long message very long message very long message very long message very long message very long message very long message very long message very long message very long message very long message very long message very long message very long message very long message very long message very long message very long message very long message very long message very long message very long message very long message very long message very long message very long message very long message very long message very long message very long message very long message very long message very long message very long message very long message very long message very long message very long message very long message very long message very long message very long message very long message very long message very long message very long message very long message very long message very long message very long message very long message very long message very long message very long message very long message very long message very long message very long message very long message very long message very long message very long message very long message very long message very long message very long message very long message very long message very long message very long message very long message very long message very long message very long message very long message very long message very long message very long message very long message very long message very long message very long message very long message very long message very long message very long message very long message very long message very long message very long message very long message very long message very long message very long message very long message very long message very long message very long message very long message very long message very long message very long message very long message very long message very long message very long message very long message very long message very long message very long message very long message very long message"
# regression test for _ in module name
2017-04-24 09:38:04.512Z INFO click_package_index.gateway.base "combined_packages_metadata: requested 0 items ([]), obtained 0 public results." request_id=b62b1ce7-5981-4cd1-9102-e71075a3c708
2017-04-24 09:38:04.796Z INFO gunicorn.access "POST /v1/downloaddeltas" method=POST path=/v1/downloaddeltas qs= status=200 ip=10.50.30.19 proto=HTTP/1.1 length=3 referrer=None ua=python-requests/2.13.0 duration=14.407 request_id=68e27109-572a-46ce-974b-8698c29b2ab6
2017-04-24 09:38:04.796Z INFO gunicorn.access "POST /v1/downloaddeltas" method=POST path=/v1/downloaddeltas qs="" status=200 ip=10.50.30.19 proto=HTTP/1.1 length=3 referrer=None ua=python-requests/2.13.0 duration=14.407 request_id=68e27109-572a-46ce-974b-8698c29b2ab6
